------------------------------------------------------------
Timing Analyzer Summary
------------------------------------------------------------

Type  : Slow 1100mV 100C Model Setup 'i_clk'
Slack : -3.097
TNS   : -164.950

Type  : Slow 1100mV 100C Model Hold 'i_clk'
Slack : 0.232
TNS   : 0.000

Type  : Slow 1100mV 100C Model Minimum Pulse Width 'i_clk'
Slack : -0.538
TNS   : -45.578

Type  : Slow 1100mV -40C Model Setup 'i_clk'
Slack : -3.090
TNS   : -165.319

Type  : Slow 1100mV -40C Model Hold 'i_clk'
Slack : 0.218
TNS   : 0.000

Type  : Slow 1100mV -40C Model Minimum Pulse Width 'i_clk'
Slack : -0.538
TNS   : -48.939

Type  : Fast 1100mV 100C Model Setup 'i_clk'
Slack : -1.066
TNS   : -53.056

Type  : Fast 1100mV 100C Model Hold 'i_clk'
Slack : 0.128
TNS   : 0.000

Type  : Fast 1100mV 100C Model Minimum Pulse Width 'i_clk'
Slack : -0.094
TNS   : -5.131

Type  : Fast 1100mV -40C Model Setup 'i_clk'
Slack : -0.823
TNS   : -40.641

Type  : Fast 1100mV -40C Model Hold 'i_clk'
Slack : 0.115
TNS   : 0.000

Type  : Fast 1100mV -40C Model Minimum Pulse Width 'i_clk'
Slack : -0.091
TNS   : -5.075

------------------------------------------------------------
